src/components/certificates/certificate-preview.tsx(54,31): error TS2339: Property 'id' does not exist on type '{ completionDate: number | null; courseName: string | null; downloadCount: number | null; instructorName: string | null; issued: { name: string | null; photoUrl: string | null; at: number; by: string; } | null; ... 5 more ...; tenantId: string; }'.
src/components/certificates/certificate-template.tsx(207,26): error TS2339: Property 'id' does not exist on type '{ completionDate: number | null; courseName: string | null; downloadCount: number | null; instructorName: string | null; issued: { name: string | null; photoUrl: string | null; at: number; by: string; } | null; ... 5 more ...; tenantId: string; }'.
src/components/certificates/certificate-template.tsx(357,48): error TS2339: Property 'id' does not exist on type '{ completionDate: number | null; courseName: string | null; downloadCount: number | null; instructorName: string | null; issued: { name: string | null; photoUrl: string | null; at: number; by: string; } | null; ... 5 more ...; tenantId: string; }'.
src/components/guards/admin-route-guard.tsx(13,39): error TS2322: Type '"/auth"' is not assignable to type '"." | "/" | ".." | "/super-admin" | "/login" | "/verify-certificate" | "/admin/analytics" | "/admin/certificates" | "/admin/courses" | "/admin/live-sessions" | "/admin/profile" | ... 17 more ... | "/student/courses/$courseId/quiz/$quizId"'.
src/components/guards/student-route-guard.tsx(13,39): error TS2322: Type '"/auth"' is not assignable to type '"." | "/" | ".." | "/super-admin" | "/login" | "/verify-certificate" | "/admin/analytics" | "/admin/certificates" | "/admin/courses" | "/admin/live-sessions" | "/admin/profile" | ... 17 more ... | "/student/courses/$courseId/quiz/$quizId"'.
src/components/guards/super-admin-route-guard.tsx(14,39): error TS2322: Type '"/auth"' is not assignable to type '"." | "/" | ".." | "/super-admin" | "/login" | "/verify-certificate" | "/admin/analytics" | "/admin/certificates" | "/admin/courses" | "/admin/live-sessions" | "/admin/profile" | ... 17 more ... | "/student/courses/$courseId/quiz/$quizId"'.
src/components/layouts/public-layout.tsx(33,16): error TS2322: Type '"/auth"' is not assignable to type '"." | "/" | ".." | "/super-admin" | "/login" | "/verify-certificate" | "/admin/analytics" | "/admin/certificates" | "/admin/courses" | "/admin/live-sessions" | "/admin/profile" | ... 17 more ... | "/student/courses/$courseId/quiz/$quizId"'.
src/components/modals/create-live-session-modal.tsx(98,11): error TS2322: Type '{ label: string | null; value: string; }[]' is not assignable to type 'ComboboxData | undefined'.
  Type '{ label: string | null; value: string; }[]' is not assignable to type '(string | ComboboxItem | ComboboxItemGroup<string | ComboboxItem>)[]'.
    Type '{ label: string | null; value: string; }' is not assignable to type 'string | ComboboxItem | ComboboxItemGroup<string | ComboboxItem>'.
      Type '{ label: string | null; value: string; }' is not assignable to type 'ComboboxItem'.
        Types of property 'label' are incompatible.
          Type 'string | null' is not assignable to type 'string'.
            Type 'null' is not assignable to type 'string'.
src/components/modals/duplicate-course-modal.tsx(62,9): error TS2345: Argument of type '{ courseData: { category: string | null; description: string | null; difficulty: "advanced" | "beginner" | "intermediate" | null; estimatedDurationInMinutes: number; featured: boolean; ... 11 more ...; title: string; }; userId: string; }' is not assignable to parameter of type 'CreateCourseVariables'.
  Property 'tenantId' is missing in type '{ courseData: { category: string | null; description: string | null; difficulty: "advanced" | "beginner" | "intermediate" | null; estimatedDurationInMinutes: number; featured: boolean; ... 11 more ...; title: string; }; userId: string; }' but required in type 'CreateCourseVariables'.
src/components/modals/edit-live-session-modal.tsx(101,11): error TS2322: Type '{ label: string | null; value: string; }[]' is not assignable to type 'ComboboxData | undefined'.
  Type '{ label: string | null; value: string; }[]' is not assignable to type '(string | ComboboxItem | ComboboxItemGroup<string | ComboboxItem>)[]'.
    Type '{ label: string | null; value: string; }' is not assignable to type 'string | ComboboxItem | ComboboxItemGroup<string | ComboboxItem>'.
      Type '{ label: string | null; value: string; }' is not assignable to type 'ComboboxItem'.
        Types of property 'label' are incompatible.
          Type 'string | null' is not assignable to type 'string'.
            Type 'null' is not assignable to type 'string'.
src/components/navigation/course-breadcrumbs.tsx(23,9): error TS6133: 'navigate' is declared but its value is never read.
src/components/navigation/course-breadcrumbs.tsx(42,7): error TS2322: Type 'string | null' is not assignable to type 'string'.
  Type 'null' is not assignable to type 'string'.
src/components/navigation/course-breadcrumbs.tsx(48,62): error TS2339: Property 'id' does not exist on type 'CourseSection'.
src/components/navigation/course-breadcrumbs.tsx(50,7): error TS2322: Type 'string | null' is not assignable to type 'string'.
  Type 'null' is not assignable to type 'string'.
src/components/navigation/lesson-navigation.tsx(11,23): error TS2724: '"@tanstack/react-router"' has no exported member named 'useSearchParams'. Did you mean 'stripSearchParams'?
src/components/navigation/lesson-navigation.tsx(58,14): error TS18047: 'a.section.order' is possibly 'null'.
src/components/navigation/lesson-navigation.tsx(58,32): error TS18047: 'b.section.order' is possibly 'null'.
src/components/navigation/lesson-navigation.tsx(78,14): error TS2345: Argument of type 'string' is not assignable to parameter of type 'NavigateOptions<RouterCore<Route<Register, any, "/", "/", string, "__root__", undefined, {}, RootContext, AnyContext, AnyContext, {}, undefined, ... 4 more ..., undefined>, "never", false, RouterHistory, Record<...>>, string, string | undefined, string, "">'.
  Type 'string' is not assignable to type 'MakeOptionalSearchParams<RouterCore<Route<Register, any, "/", "/", string, "__root__", undefined, {}, RootContext, AnyContext, AnyContext, {}, undefined, ... 4 more ..., undefined>, "never", false, RouterHistory, Record<...>>, string, string | undefined>'.
src/components/quiz/question-builder.tsx(7,3): error TS1484: 'DropResult' is a type and must be imported using a type-only import when 'verbatimModuleSyntax' is enabled.
src/components/quiz/question-builder.tsx(119,7): error TS2322: Type '"essay" | "multiple-choice" | "true-false" | "short-answer"' is not assignable to type '"essay" | "multiple-choice" | "true-false"'.
  Type '"short-answer"' is not assignable to type '"essay" | "multiple-choice" | "true-false"'.
src/components/quiz/question-builder.tsx(177,18): error TS2365: Operator '>' cannot be applied to types 'string | number' and 'number'.
src/components/quiz/quiz-manager.tsx(150,11): error TS2322: Type '{ courseId: string; createdBy: string; description: string; isRequired: boolean; lessonId: string | undefined; maxAttempts: number | null; order: number; passingScore: number; placement: "section" | ... 1 more ... | "lesson"; ... 4 more ...; unlockConditions: { ...; }; }' is not assignable to type 'Partial<Omit<CourseQuiz, "id">>'.
  Types of property 'maxAttempts' are incompatible.
    Type 'number | null' is not assignable to type 'number | undefined'.
      Type 'null' is not assignable to type 'number | undefined'.
src/components/quiz/quiz-manager.tsx(154,46): error TS2345: Argument of type '{ courseId: string; createdBy: string; description: string; isRequired: boolean; lessonId: string | undefined; maxAttempts: number | null; order: number; passingScore: number; placement: "section" | ... 1 more ... | "lesson"; ... 4 more ...; unlockConditions: { ...; }; }' is not assignable to parameter of type 'Omit<CourseQuiz, "id">'.
  Type '{ courseId: string; createdBy: string; description: string; isRequired: boolean; lessonId: string | undefined; maxAttempts: number | null; order: number; passingScore: number; placement: "section" | ... 1 more ... | "lesson"; ... 4 more ...; unlockConditions: { ...; }; }' is missing the following properties from type 'Omit<CourseQuiz, "id">': createdAt, updatedAt
src/components/shared/data-table/course-table-config.tsx(154,13): error TS2322: Type 'string | null' is not assignable to type 'string | undefined'.
  Type 'null' is not assignable to type 'string | undefined'.
src/components/shared/data-table/course-table-config.tsx(159,14): error TS18047: 'course.title' is possibly 'null'.
src/components/video/universal-video-player.tsx(142,9): error TS6133: 'handleVolumeChange' is declared but its value is never read.
